============== Perf Analyzer Launched ==============
Command: perf_analyzer -m selfie_segmentation -b 1 -u localhost:8000 -i http -f selfie_segmentation-results.csv --verbose-csv --measurement-interval 3000 --concurrency-range 1 --stability-percentage 10 --max-trials 10 --percentile 95 --input-data zero --measurement-mode time_windows --collect-metrics --metrics-url http://localhost:8002/metrics --metrics-interval 1000

*** Measurement Settings ***
  Batch size: 1
  Service Kind: Triton
  Using "time_windows" mode for stabilization
  Measurement window: 3000 msec
  Using synchronous calls for inference
  Stabilizing using p95 latency

Request concurrency: 1
WARNING: Unable to parse 'nv_gpu_utilization' metric.
WARNING: Unable to parse 'nv_gpu_power_usage' metric.
WARNING: Unable to parse 'nv_gpu_memory_used_bytes' metric.
WARNING: Unable to parse 'nv_gpu_memory_total_bytes' metric.
  Client: 
    Request count: 1378
    Throughput: 127.421 infer/sec
    p50 latency: 7668 usec
    p90 latency: 8377 usec
    p95 latency: 8584 usec
    p99 latency: 9659 usec
    Avg HTTP time: 7825 usec (send/recv 83 usec + response wait 7742 usec)
  Server: 
    Inference count: 1379
    Execution count: 1379
    Successful request count: 1379
    Avg request latency: 7455 usec (overhead 6 usec + queue 27 usec + compute input 34 usec + compute infer 7320 usec + compute output 66 usec)

  Server Prometheus Metrics: 
    Avg GPU Utilization:
    Avg GPU Power Usage:
    Max GPU Memory Usage:
    Total GPU Memory:
Inferences/Second vs. Client p95 Batch Latency
Concurrency: 1, throughput: 127.421 infer/sec, latency 8584 usec

============== Perf Analyzer Launched ==============
Command: perf_analyzer -m selfie_segmentation -b 1 -u localhost:8000 -i http -f selfie_segmentation-results.csv --verbose-csv --measurement-interval 3000 --concurrency-range 1 --stability-percentage 10 --max-trials 10 --percentile 95 --input-data /workspace/results/input-data-0.json --measurement-mode time_windows --collect-metrics --metrics-url http://localhost:8002/metrics --metrics-interval 1000

 Successfully read data for 1 stream/streams with 1 step/steps.
*** Measurement Settings ***
  Batch size: 1
  Service Kind: Triton
  Using "time_windows" mode for stabilization
  Measurement window: 3000 msec
  Using synchronous calls for inference
  Stabilizing using p95 latency

Request concurrency: 1
WARNING: Unable to parse 'nv_gpu_utilization' metric.
WARNING: Unable to parse 'nv_gpu_power_usage' metric.
WARNING: Unable to parse 'nv_gpu_memory_used_bytes' metric.
WARNING: Unable to parse 'nv_gpu_memory_total_bytes' metric.
  Client: 
    Request count: 1420
    Throughput: 131.324 infer/sec
    p50 latency: 7486 usec
    p90 latency: 8144 usec
    p95 latency: 8272 usec
    p99 latency: 8518 usec
    Avg HTTP time: 7593 usec (send/recv 78 usec + response wait 7515 usec)
  Server: 
    Inference count: 1420
    Execution count: 1420
    Successful request count: 1420
    Avg request latency: 7253 usec (overhead 6 usec + queue 25 usec + compute input 31 usec + compute infer 7132 usec + compute output 58 usec)

  Server Prometheus Metrics: 
    Avg GPU Utilization:
    Avg GPU Power Usage:
    Max GPU Memory Usage:
    Total GPU Memory:
Inferences/Second vs. Client p95 Batch Latency
Concurrency: 1, throughput: 131.324 infer/sec, latency 8272 usec

============== Perf Analyzer Launched ==============
Command: perf_analyzer -m selfie_segmentation -b 1 -u localhost:8000 -i http -f selfie_segmentation-results.csv --verbose-csv --measurement-interval 3000 --concurrency-range 2 --stability-percentage 10 --max-trials 10 --percentile 95 --input-data /workspace/results/input-data-0.json --measurement-mode time_windows --collect-metrics --metrics-url http://localhost:8002/metrics --metrics-interval 1000

 Successfully read data for 1 stream/streams with 1 step/steps.
*** Measurement Settings ***
  Batch size: 1
  Service Kind: Triton
  Using "time_windows" mode for stabilization
  Measurement window: 3000 msec
  Using synchronous calls for inference
  Stabilizing using p95 latency

Request concurrency: 2
WARNING: Unable to parse 'nv_gpu_utilization' metric.
WARNING: Unable to parse 'nv_gpu_power_usage' metric.
WARNING: Unable to parse 'nv_gpu_memory_used_bytes' metric.
WARNING: Unable to parse 'nv_gpu_memory_total_bytes' metric.
  Client: 
    Request count: 1459
    Throughput: 134.952 infer/sec
    p50 latency: 14614 usec
    p90 latency: 15654 usec
    p95 latency: 15969 usec
    p99 latency: 17455 usec
    Avg HTTP time: 14806 usec (send/recv 88 usec + response wait 14718 usec)
  Server: 
    Inference count: 1459
    Execution count: 1459
    Successful request count: 1459
    Avg request latency: 14417 usec (overhead 5 usec + queue 7029 usec + compute input 33 usec + compute infer 7288 usec + compute output 62 usec)

  Server Prometheus Metrics: 
    Avg GPU Utilization:
    Avg GPU Power Usage:
    Max GPU Memory Usage:
    Total GPU Memory:
Inferences/Second vs. Client p95 Batch Latency
Concurrency: 2, throughput: 134.952 infer/sec, latency 15969 usec

============== Perf Analyzer Launched ==============
Command: perf_analyzer -m selfie_segmentation -b 1 -u localhost:8000 -i http -f selfie_segmentation-results.csv --verbose-csv --measurement-interval 3000 --concurrency-range 4 --stability-percentage 10 --max-trials 10 --percentile 95 --input-data /workspace/results/input-data-0.json --measurement-mode time_windows --collect-metrics --metrics-url http://localhost:8002/metrics --metrics-interval 1000

 Successfully read data for 1 stream/streams with 1 step/steps.
*** Measurement Settings ***
  Batch size: 1
  Service Kind: Triton
  Using "time_windows" mode for stabilization
  Measurement window: 3000 msec
  Using synchronous calls for inference
  Stabilizing using p95 latency

Request concurrency: 4
WARNING: Unable to parse 'nv_gpu_utilization' metric.
WARNING: Unable to parse 'nv_gpu_power_usage' metric.
WARNING: Unable to parse 'nv_gpu_memory_used_bytes' metric.
WARNING: Unable to parse 'nv_gpu_memory_total_bytes' metric.
  Client: 
    Request count: 1430
    Throughput: 132.337 infer/sec
    p50 latency: 29970 usec
    p90 latency: 31782 usec
    p95 latency: 32284 usec
    p99 latency: 37079 usec
    Avg HTTP time: 30216 usec (send/recv 93 usec + response wait 30123 usec)
  Server: 
    Inference count: 1429
    Execution count: 1429
    Successful request count: 1429
    Avg request latency: 29789 usec (overhead 5 usec + queue 22258 usec + compute input 36 usec + compute infer 7421 usec + compute output 68 usec)

  Server Prometheus Metrics: 
    Avg GPU Utilization:
    Avg GPU Power Usage:
    Max GPU Memory Usage:
    Total GPU Memory:
Inferences/Second vs. Client p95 Batch Latency
Concurrency: 4, throughput: 132.337 infer/sec, latency 32284 usec

============== Perf Analyzer Launched ==============
Command: perf_analyzer -m selfie_segmentation -b 1 -u localhost:8000 -i http -f selfie_segmentation-results.csv --verbose-csv --measurement-interval 3000 --concurrency-range 8 --stability-percentage 10 --max-trials 10 --percentile 95 --input-data /workspace/results/input-data-0.json --measurement-mode time_windows --collect-metrics --metrics-url http://localhost:8002/metrics --metrics-interval 1000

 Successfully read data for 1 stream/streams with 1 step/steps.
*** Measurement Settings ***
  Batch size: 1
  Service Kind: Triton
  Using "time_windows" mode for stabilization
  Measurement window: 3000 msec
  Using synchronous calls for inference
  Stabilizing using p95 latency

Request concurrency: 8
WARNING: Unable to parse 'nv_gpu_utilization' metric.
WARNING: Unable to parse 'nv_gpu_power_usage' metric.
WARNING: Unable to parse 'nv_gpu_memory_used_bytes' metric.
WARNING: Unable to parse 'nv_gpu_memory_total_bytes' metric.
  Client: 
    Request count: 1484
    Throughput: 137.198 infer/sec
    p50 latency: 56870 usec
    p90 latency: 61492 usec
    p95 latency: 62111 usec
    p99 latency: 63421 usec
    Avg HTTP time: 57955 usec (send/recv 109 usec + response wait 57846 usec)
  Server: 
    Inference count: 1484
    Execution count: 1484
    Successful request count: 1484
    Avg request latency: 57418 usec (overhead 4 usec + queue 50196 usec + compute input 30 usec + compute infer 7133 usec + compute output 53 usec)

  Server Prometheus Metrics: 
    Avg GPU Utilization:
    Avg GPU Power Usage:
    Max GPU Memory Usage:
    Total GPU Memory:
Inferences/Second vs. Client p95 Batch Latency
Concurrency: 8, throughput: 137.198 infer/sec, latency 62111 usec

============== Perf Analyzer Launched ==============
Command: perf_analyzer -m selfie_segmentation -b 1 -u localhost:8000 -i http -f selfie_segmentation-results.csv --verbose-csv --measurement-interval 3000 --concurrency-range 1 --stability-percentage 10 --max-trials 10 --percentile 95 --input-data /workspace/results/input-data-0.json --measurement-mode time_windows --collect-metrics --metrics-url http://localhost:8002/metrics --metrics-interval 1000

 Successfully read data for 1 stream/streams with 1 step/steps.
*** Measurement Settings ***
  Batch size: 1
  Service Kind: Triton
  Using "time_windows" mode for stabilization
  Measurement window: 3000 msec
  Using synchronous calls for inference
  Stabilizing using p95 latency

Request concurrency: 1
WARNING: Unable to parse 'nv_gpu_utilization' metric.
WARNING: Unable to parse 'nv_gpu_power_usage' metric.
WARNING: Unable to parse 'nv_gpu_memory_used_bytes' metric.
WARNING: Unable to parse 'nv_gpu_memory_total_bytes' metric.
  Client: 
    Request count: 1404
    Throughput: 129.862 infer/sec
    p50 latency: 7500 usec
    p90 latency: 8174 usec
    p95 latency: 8326 usec
    p99 latency: 9550 usec
    Avg HTTP time: 7680 usec (send/recv 78 usec + response wait 7602 usec)
  Server: 
    Inference count: 1404
    Execution count: 1404
    Successful request count: 1404
    Avg request latency: 7344 usec (overhead 5 usec + queue 25 usec + compute input 31 usec + compute infer 7223 usec + compute output 59 usec)

  Server Prometheus Metrics: 
    Avg GPU Utilization:
    Avg GPU Power Usage:
    Max GPU Memory Usage:
    Total GPU Memory:
Inferences/Second vs. Client p95 Batch Latency
Concurrency: 1, throughput: 129.862 infer/sec, latency 8326 usec

============== Perf Analyzer Launched ==============
Command: perf_analyzer -m selfie_segmentation -b 1 -u localhost:8000 -i http -f selfie_segmentation-results.csv --verbose-csv --measurement-interval 3000 --concurrency-range 2 --stability-percentage 10 --max-trials 10 --percentile 95 --input-data /workspace/results/input-data-0.json --measurement-mode time_windows --collect-metrics --metrics-url http://localhost:8002/metrics --metrics-interval 1000

 Successfully read data for 1 stream/streams with 1 step/steps.
*** Measurement Settings ***
  Batch size: 1
  Service Kind: Triton
  Using "time_windows" mode for stabilization
  Measurement window: 3000 msec
  Using synchronous calls for inference
  Stabilizing using p95 latency

Request concurrency: 2
WARNING: Unable to parse 'nv_gpu_utilization' metric.
WARNING: Unable to parse 'nv_gpu_power_usage' metric.
WARNING: Unable to parse 'nv_gpu_memory_used_bytes' metric.
WARNING: Unable to parse 'nv_gpu_memory_total_bytes' metric.
  Client: 
    Request count: 1471
    Throughput: 136.064 infer/sec
    p50 latency: 14638 usec
    p90 latency: 15340 usec
    p95 latency: 15483 usec
    p99 latency: 16121 usec
    Avg HTTP time: 14656 usec (send/recv 87 usec + response wait 14569 usec)
  Server: 
    Inference count: 1471
    Execution count: 1471
    Successful request count: 1471
    Avg request latency: 14278 usec (overhead 5 usec + queue 6969 usec + compute input 31 usec + compute infer 7217 usec + compute output 56 usec)

  Server Prometheus Metrics: 
    Avg GPU Utilization:
    Avg GPU Power Usage:
    Max GPU Memory Usage:
    Total GPU Memory:
Inferences/Second vs. Client p95 Batch Latency
Concurrency: 2, throughput: 136.064 infer/sec, latency 15483 usec

============== Perf Analyzer Launched ==============
Command: perf_analyzer -m selfie_segmentation -b 1 -u localhost:8000 -i http -f selfie_segmentation-results.csv --verbose-csv --measurement-interval 3000 --concurrency-range 4 --stability-percentage 10 --max-trials 10 --percentile 95 --input-data /workspace/results/input-data-0.json --measurement-mode time_windows --collect-metrics --metrics-url http://localhost:8002/metrics --metrics-interval 1000

 Successfully read data for 1 stream/streams with 1 step/steps.
*** Measurement Settings ***
  Batch size: 1
  Service Kind: Triton
  Using "time_windows" mode for stabilization
  Measurement window: 3000 msec
  Using synchronous calls for inference
  Stabilizing using p95 latency

Request concurrency: 4
WARNING: Unable to parse 'nv_gpu_utilization' metric.
WARNING: Unable to parse 'nv_gpu_power_usage' metric.
WARNING: Unable to parse 'nv_gpu_memory_used_bytes' metric.
WARNING: Unable to parse 'nv_gpu_memory_total_bytes' metric.
  Client: 
    Request count: 1493
    Throughput: 138.086 infer/sec
    p50 latency: 28385 usec
    p90 latency: 30635 usec
    p95 latency: 31111 usec
    p99 latency: 32426 usec
    Avg HTTP time: 28876 usec (send/recv 90 usec + response wait 28786 usec)
  Server: 
    Inference count: 1493
    Execution count: 1493
    Successful request count: 1493
    Avg request latency: 28471 usec (overhead 4 usec + queue 21274 usec + compute input 30 usec + compute infer 7109 usec + compute output 53 usec)

  Server Prometheus Metrics: 
    Avg GPU Utilization:
    Avg GPU Power Usage:
    Max GPU Memory Usage:
    Total GPU Memory:
Inferences/Second vs. Client p95 Batch Latency
Concurrency: 4, throughput: 138.086 infer/sec, latency 31111 usec

============== Perf Analyzer Launched ==============
Command: perf_analyzer -m selfie_segmentation -b 1 -u localhost:8000 -i http -f selfie_segmentation-results.csv --verbose-csv --measurement-interval 3000 --concurrency-range 8 --stability-percentage 10 --max-trials 10 --percentile 95 --input-data /workspace/results/input-data-0.json --measurement-mode time_windows --collect-metrics --metrics-url http://localhost:8002/metrics --metrics-interval 1000

 Successfully read data for 1 stream/streams with 1 step/steps.
*** Measurement Settings ***
  Batch size: 1
  Service Kind: Triton
  Using "time_windows" mode for stabilization
  Measurement window: 3000 msec
  Using synchronous calls for inference
  Stabilizing using p95 latency

Request concurrency: 8
WARNING: Unable to parse 'nv_gpu_utilization' metric.
WARNING: Unable to parse 'nv_gpu_power_usage' metric.
WARNING: Unable to parse 'nv_gpu_memory_used_bytes' metric.
WARNING: Unable to parse 'nv_gpu_memory_total_bytes' metric.
  Client: 
    Request count: 1485
    Throughput: 137.274 infer/sec
    p50 latency: 57076 usec
    p90 latency: 61137 usec
    p95 latency: 61624 usec
    p99 latency: 64727 usec
    Avg HTTP time: 57931 usec (send/recv 106 usec + response wait 57825 usec)
  Server: 
    Inference count: 1485
    Execution count: 1485
    Successful request count: 1485
    Avg request latency: 57397 usec (overhead 5 usec + queue 50179 usec + compute input 31 usec + compute infer 7128 usec + compute output 54 usec)

  Server Prometheus Metrics: 
    Avg GPU Utilization:
    Avg GPU Power Usage:
    Max GPU Memory Usage:
    Total GPU Memory:
Inferences/Second vs. Client p95 Batch Latency
Concurrency: 8, throughput: 137.274 infer/sec, latency 61624 usec

============== Perf Analyzer Launched ==============
Command: perf_analyzer -m selfie_segmentation -b 1 -u localhost:8000 -i http -f selfie_segmentation-results.csv --verbose-csv --measurement-interval 3000 --concurrency-range 1 --stability-percentage 10 --max-trials 10 --percentile 95 --input-data /workspace/results/input-data-0.json --measurement-mode time_windows --collect-metrics --metrics-url http://localhost:8002/metrics --metrics-interval 1000

 Successfully read data for 1 stream/streams with 1 step/steps.
*** Measurement Settings ***
  Batch size: 1
  Service Kind: Triton
  Using "time_windows" mode for stabilization
  Measurement window: 3000 msec
  Using synchronous calls for inference
  Stabilizing using p95 latency

Request concurrency: 1
WARNING: Unable to parse 'nv_gpu_utilization' metric.
WARNING: Unable to parse 'nv_gpu_power_usage' metric.
WARNING: Unable to parse 'nv_gpu_memory_used_bytes' metric.
WARNING: Unable to parse 'nv_gpu_memory_total_bytes' metric.
  Client: 
    Request count: 1376
    Throughput: 127.274 infer/sec
    p50 latency: 7659 usec
    p90 latency: 8326 usec
    p95 latency: 8494 usec
    p99 latency: 9215 usec
    Avg HTTP time: 7836 usec (send/recv 78 usec + response wait 7758 usec)
  Server: 
    Inference count: 1376
    Execution count: 1376
    Successful request count: 1376
    Avg request latency: 7505 usec (overhead 4 usec + queue 28 usec + compute input 32 usec + compute infer 7380 usec + compute output 60 usec)

  Server Prometheus Metrics: 
    Avg GPU Utilization:
    Avg GPU Power Usage:
    Max GPU Memory Usage:
    Total GPU Memory:
Inferences/Second vs. Client p95 Batch Latency
Concurrency: 1, throughput: 127.274 infer/sec, latency 8494 usec

============== Perf Analyzer Launched ==============
Command: perf_analyzer -m selfie_segmentation -b 1 -u localhost:8000 -i http -f selfie_segmentation-results.csv --verbose-csv --measurement-interval 3000 --concurrency-range 2 --stability-percentage 10 --max-trials 10 --percentile 95 --input-data /workspace/results/input-data-0.json --measurement-mode time_windows --collect-metrics --metrics-url http://localhost:8002/metrics --metrics-interval 1000

 Successfully read data for 1 stream/streams with 1 step/steps.
*** Measurement Settings ***
  Batch size: 1
  Service Kind: Triton
  Using "time_windows" mode for stabilization
  Measurement window: 3000 msec
  Using synchronous calls for inference
  Stabilizing using p95 latency

Request concurrency: 2
WARNING: Unable to parse 'nv_gpu_utilization' metric.
WARNING: Unable to parse 'nv_gpu_power_usage' metric.
WARNING: Unable to parse 'nv_gpu_memory_used_bytes' metric.
WARNING: Unable to parse 'nv_gpu_memory_total_bytes' metric.
  Client: 
    Request count: 2748
    Throughput: 254.221 infer/sec
    p50 latency: 7733 usec
    p90 latency: 8305 usec
    p95 latency: 8403 usec
    p99 latency: 9033 usec
    Avg HTTP time: 7841 usec (send/recv 97 usec + response wait 7744 usec)
  Server: 
    Inference count: 2748
    Execution count: 2748
    Successful request count: 2748
    Avg request latency: 7484 usec (overhead 5 usec + queue 27 usec + compute input 28 usec + compute infer 7366 usec + compute output 57 usec)

  Server Prometheus Metrics: 
    Avg GPU Utilization:
    Avg GPU Power Usage:
    Max GPU Memory Usage:
    Total GPU Memory:
Inferences/Second vs. Client p95 Batch Latency
Concurrency: 2, throughput: 254.221 infer/sec, latency 8403 usec

============== Perf Analyzer Launched ==============
Command: perf_analyzer -m selfie_segmentation -b 1 -u localhost:8000 -i http -f selfie_segmentation-results.csv --verbose-csv --measurement-interval 3000 --concurrency-range 4 --stability-percentage 10 --max-trials 10 --percentile 95 --input-data /workspace/results/input-data-0.json --measurement-mode time_windows --collect-metrics --metrics-url http://localhost:8002/metrics --metrics-interval 1000

 Successfully read data for 1 stream/streams with 1 step/steps.
*** Measurement Settings ***
  Batch size: 1
  Service Kind: Triton
  Using "time_windows" mode for stabilization
  Measurement window: 3000 msec
  Using synchronous calls for inference
  Stabilizing using p95 latency

Request concurrency: 4
WARNING: Unable to parse 'nv_gpu_utilization' metric.
WARNING: Unable to parse 'nv_gpu_power_usage' metric.
WARNING: Unable to parse 'nv_gpu_memory_used_bytes' metric.
WARNING: Unable to parse 'nv_gpu_memory_total_bytes' metric.
  Client: 
    Request count: 2870
    Throughput: 265.468 infer/sec
    p50 latency: 14872 usec
    p90 latency: 15624 usec
    p95 latency: 15811 usec
    p99 latency: 16606 usec
    Avg HTTP time: 15022 usec (send/recv 99 usec + response wait 14923 usec)
  Server: 
    Inference count: 2870
    Execution count: 2870
    Successful request count: 2870
    Avg request latency: 14615 usec (overhead 5 usec + queue 7129 usec + compute input 34 usec + compute infer 7390 usec + compute output 57 usec)

  Server Prometheus Metrics: 
    Avg GPU Utilization:
    Avg GPU Power Usage:
    Max GPU Memory Usage:
    Total GPU Memory:
Inferences/Second vs. Client p95 Batch Latency
Concurrency: 4, throughput: 265.468 infer/sec, latency 15811 usec

============== Perf Analyzer Launched ==============
Command: perf_analyzer -m selfie_segmentation -b 1 -u localhost:8000 -i http -f selfie_segmentation-results.csv --verbose-csv --measurement-interval 3000 --concurrency-range 8 --stability-percentage 10 --max-trials 10 --percentile 95 --input-data /workspace/results/input-data-0.json --measurement-mode time_windows --collect-metrics --metrics-url http://localhost:8002/metrics --metrics-interval 1000

 Successfully read data for 1 stream/streams with 1 step/steps.
*** Measurement Settings ***
  Batch size: 1
  Service Kind: Triton
  Using "time_windows" mode for stabilization
  Measurement window: 3000 msec
  Using synchronous calls for inference
  Stabilizing using p95 latency

Request concurrency: 8
WARNING: Unable to parse 'nv_gpu_utilization' metric.
WARNING: Unable to parse 'nv_gpu_power_usage' metric.
WARNING: Unable to parse 'nv_gpu_memory_used_bytes' metric.
WARNING: Unable to parse 'nv_gpu_memory_total_bytes' metric.
  Client: 
    Request count: 2866
    Throughput: 265.016 infer/sec
    p50 latency: 29597 usec
    p90 latency: 31342 usec
    p95 latency: 31683 usec
    p99 latency: 32999 usec
    Avg HTTP time: 30055 usec (send/recv 120 usec + response wait 29935 usec)
  Server: 
    Inference count: 2866
    Execution count: 2866
    Successful request count: 2866
    Avg request latency: 29553 usec (overhead 5 usec + queue 22073 usec + compute input 33 usec + compute infer 7386 usec + compute output 56 usec)

  Server Prometheus Metrics: 
    Avg GPU Utilization:
    Avg GPU Power Usage:
    Max GPU Memory Usage:
    Total GPU Memory:
Inferences/Second vs. Client p95 Batch Latency
Concurrency: 8, throughput: 265.016 infer/sec, latency 31683 usec

============== Perf Analyzer Launched ==============
Command: perf_analyzer -m selfie_segmentation -b 1 -u localhost:8000 -i http -f selfie_segmentation-results.csv --verbose-csv --measurement-interval 3000 --concurrency-range 1 --stability-percentage 10 --max-trials 10 --percentile 95 --input-data /workspace/results/input-data-0.json --measurement-mode time_windows --collect-metrics --metrics-url http://localhost:8002/metrics --metrics-interval 1000

 Successfully read data for 1 stream/streams with 1 step/steps.
*** Measurement Settings ***
  Batch size: 1
  Service Kind: Triton
  Using "time_windows" mode for stabilization
  Measurement window: 3000 msec
  Using synchronous calls for inference
  Stabilizing using p95 latency

Request concurrency: 1
WARNING: Unable to parse 'nv_gpu_utilization' metric.
WARNING: Unable to parse 'nv_gpu_power_usage' metric.
WARNING: Unable to parse 'nv_gpu_memory_used_bytes' metric.
WARNING: Unable to parse 'nv_gpu_memory_total_bytes' metric.
  Client: 
    Request count: 1309
    Throughput: 121.096 infer/sec
    p50 latency: 8055 usec
    p90 latency: 8762 usec
    p95 latency: 8907 usec
    p99 latency: 9837 usec
    Avg HTTP time: 8235 usec (send/recv 86 usec + response wait 8149 usec)
  Server: 
    Inference count: 1309
    Execution count: 1309
    Successful request count: 1309
    Avg request latency: 7846 usec (overhead 6 usec + queue 31 usec + compute input 38 usec + compute infer 7699 usec + compute output 71 usec)

  Server Prometheus Metrics: 
    Avg GPU Utilization:
    Avg GPU Power Usage:
    Max GPU Memory Usage:
    Total GPU Memory:
Inferences/Second vs. Client p95 Batch Latency
Concurrency: 1, throughput: 121.096 infer/sec, latency 8907 usec

============== Perf Analyzer Launched ==============
Command: perf_analyzer -m selfie_segmentation -b 1 -u localhost:8000 -i http -f selfie_segmentation-results.csv --verbose-csv --measurement-interval 3000 --concurrency-range 2 --stability-percentage 10 --max-trials 10 --percentile 95 --input-data /workspace/results/input-data-0.json --measurement-mode time_windows --collect-metrics --metrics-url http://localhost:8002/metrics --metrics-interval 1000

 Successfully read data for 1 stream/streams with 1 step/steps.
*** Measurement Settings ***
  Batch size: 1
  Service Kind: Triton
  Using "time_windows" mode for stabilization
  Measurement window: 3000 msec
  Using synchronous calls for inference
  Stabilizing using p95 latency

Request concurrency: 2
WARNING: Unable to parse 'nv_gpu_utilization' metric.
WARNING: Unable to parse 'nv_gpu_power_usage' metric.
WARNING: Unable to parse 'nv_gpu_memory_used_bytes' metric.
WARNING: Unable to parse 'nv_gpu_memory_total_bytes' metric.
  Client: 
    Request count: 2642
    Throughput: 244.399 infer/sec
    p50 latency: 8034 usec
    p90 latency: 8510 usec
    p95 latency: 8658 usec
    p99 latency: 10509 usec
    Avg HTTP time: 8154 usec (send/recv 99 usec + response wait 8055 usec)
  Server: 
    Inference count: 2642
    Execution count: 2642
    Successful request count: 2642
    Avg request latency: 7777 usec (overhead 5 usec + queue 31 usec + compute input 32 usec + compute infer 7646 usec + compute output 61 usec)

  Server Prometheus Metrics: 
    Avg GPU Utilization:
    Avg GPU Power Usage:
    Max GPU Memory Usage:
    Total GPU Memory:
Inferences/Second vs. Client p95 Batch Latency
Concurrency: 2, throughput: 244.399 infer/sec, latency 8658 usec

============== Perf Analyzer Launched ==============
Command: perf_analyzer -m selfie_segmentation -b 1 -u localhost:8000 -i http -f selfie_segmentation-results.csv --verbose-csv --measurement-interval 3000 --concurrency-range 4 --stability-percentage 10 --max-trials 10 --percentile 95 --input-data /workspace/results/input-data-0.json --measurement-mode time_windows --collect-metrics --metrics-url http://localhost:8002/metrics --metrics-interval 1000

 Successfully read data for 1 stream/streams with 1 step/steps.
*** Measurement Settings ***
  Batch size: 1
  Service Kind: Triton
  Using "time_windows" mode for stabilization
  Measurement window: 3000 msec
  Using synchronous calls for inference
  Stabilizing using p95 latency

Request concurrency: 4
WARNING: Unable to parse 'nv_gpu_utilization' metric.
WARNING: Unable to parse 'nv_gpu_power_usage' metric.
WARNING: Unable to parse 'nv_gpu_memory_used_bytes' metric.
WARNING: Unable to parse 'nv_gpu_memory_total_bytes' metric.
  Client: 
    Request count: 5140
    Throughput: 475.35 infer/sec
    p50 latency: 8331 usec
    p90 latency: 8689 usec
    p95 latency: 8931 usec
    p99 latency: 9857 usec
    Avg HTTP time: 8381 usec (send/recv 138 usec + response wait 8243 usec)
  Server: 
    Inference count: 5140
    Execution count: 5140
    Successful request count: 5140
    Avg request latency: 7921 usec (overhead 5 usec + queue 26 usec + compute input 27 usec + compute infer 7803 usec + compute output 59 usec)

  Server Prometheus Metrics: 
    Avg GPU Utilization:
    Avg GPU Power Usage:
    Max GPU Memory Usage:
    Total GPU Memory:
Inferences/Second vs. Client p95 Batch Latency
Concurrency: 4, throughput: 475.35 infer/sec, latency 8931 usec

============== Perf Analyzer Launched ==============
Command: perf_analyzer -m selfie_segmentation -b 1 -u localhost:8000 -i http -f selfie_segmentation-results.csv --verbose-csv --measurement-interval 4000 --concurrency-range 8 --stability-percentage 10 --max-trials 10 --percentile 95 --input-data /workspace/results/input-data-0.json --measurement-mode time_windows --collect-metrics --metrics-url http://localhost:8002/metrics --metrics-interval 1000

 Successfully read data for 1 stream/streams with 1 step/steps.
*** Measurement Settings ***
  Batch size: 1
  Service Kind: Triton
  Using "time_windows" mode for stabilization
  Measurement window: 4000 msec
  Using synchronous calls for inference
  Stabilizing using p95 latency

Request concurrency: 8
WARNING: Unable to parse 'nv_gpu_utilization' metric.
WARNING: Unable to parse 'nv_gpu_power_usage' metric.
WARNING: Unable to parse 'nv_gpu_memory_used_bytes' metric.
WARNING: Unable to parse 'nv_gpu_memory_total_bytes' metric.
  Client: 
    Request count: 7117
    Throughput: 494.004 infer/sec
    p50 latency: 15964 usec
    p90 latency: 17135 usec
    p95 latency: 17818 usec
    p99 latency: 20074 usec
    Avg HTTP time: 16179 usec (send/recv 108 usec + response wait 16071 usec)
  Server: 
    Inference count: 7118
    Execution count: 7118
    Successful request count: 7118
    Avg request latency: 15712 usec (overhead 4 usec + queue 7637 usec + compute input 41 usec + compute infer 7969 usec + compute output 60 usec)

  Server Prometheus Metrics: 
    Avg GPU Utilization:
    Avg GPU Power Usage:
    Max GPU Memory Usage:
    Total GPU Memory:
Inferences/Second vs. Client p95 Batch Latency
Concurrency: 8, throughput: 494.004 infer/sec, latency 17818 usec

