[Model Analyzer] WARNING: Overriding the output model repo path "/workspace/results/configs"
[Model Analyzer] Starting a local Triton Server
[Model Analyzer] No checkpoint file found, starting a fresh run.
[Model Analyzer] Profiling server only metrics...
[Model Analyzer] 
[Model Analyzer] Starting manual brute search
[Model Analyzer] 
[Model Analyzer] Creating model config: selfie_segmentation_config_default
[Model Analyzer] 
[Model Analyzer] Profiling selfie_segmentation_config_default: client batch size=1, concurrency=1
[Model Analyzer] WARNING: CPU metrics are being collected. This can affect the latency or throughput numbers reported by perf analyzer.
[Model Analyzer] Saved checkpoint to /workspace/results/checkpoints/0.ckpt
[Model Analyzer] Profiling selfie_segmentation_config_default: client batch size=1, concurrency=2
[Model Analyzer] Saved checkpoint to /workspace/results/checkpoints/0.ckpt
[Model Analyzer] Profiling selfie_segmentation_config_default: client batch size=1, concurrency=4
[Model Analyzer] Saved checkpoint to /workspace/results/checkpoints/0.ckpt
[Model Analyzer] Profiling selfie_segmentation_config_default: client batch size=1, concurrency=8
[Model Analyzer] Saved checkpoint to /workspace/results/checkpoints/0.ckpt
[Model Analyzer] Creating model config: selfie_segmentation_config_0
[Model Analyzer]   Setting instance_group to [{'kind': 'KIND_CPU', 'count': 1}]
[Model Analyzer]   Setting max_batch_size to 0
[Model Analyzer] 
[Model Analyzer] Creating model config: selfie_segmentation_config_1
[Model Analyzer]   Setting instance_group to [{'kind': 'KIND_CPU', 'count': 2}]
[Model Analyzer]   Setting max_batch_size to 0
[Model Analyzer] 
[Model Analyzer] Creating model config: selfie_segmentation_config_2
[Model Analyzer]   Setting instance_group to [{'kind': 'KIND_CPU', 'count': 4}]
[Model Analyzer]   Setting max_batch_size to 0
[Model Analyzer] 
[Model Analyzer] Profiling selfie_segmentation_config_0: client batch size=1, concurrency=1
[Model Analyzer] Saved checkpoint to /workspace/results/checkpoints/0.ckpt
[Model Analyzer] Profiling selfie_segmentation_config_0: client batch size=1, concurrency=2
[Model Analyzer] Saved checkpoint to /workspace/results/checkpoints/0.ckpt
[Model Analyzer] Profiling selfie_segmentation_config_0: client batch size=1, concurrency=4
[Model Analyzer] Saved checkpoint to /workspace/results/checkpoints/0.ckpt
[Model Analyzer] Profiling selfie_segmentation_config_0: client batch size=1, concurrency=8
[Model Analyzer] Saved checkpoint to /workspace/results/checkpoints/0.ckpt
[Model Analyzer] Profiling selfie_segmentation_config_1: client batch size=1, concurrency=1
[Model Analyzer] Saved checkpoint to /workspace/results/checkpoints/0.ckpt
[Model Analyzer] Profiling selfie_segmentation_config_1: client batch size=1, concurrency=2
[Model Analyzer] Saved checkpoint to /workspace/results/checkpoints/0.ckpt
[Model Analyzer] Profiling selfie_segmentation_config_1: client batch size=1, concurrency=4
[Model Analyzer] Saved checkpoint to /workspace/results/checkpoints/0.ckpt
[Model Analyzer] Profiling selfie_segmentation_config_1: client batch size=1, concurrency=8
[Model Analyzer] Saved checkpoint to /workspace/results/checkpoints/0.ckpt
[Model Analyzer] Profiling selfie_segmentation_config_2: client batch size=1, concurrency=1
[Model Analyzer] Saved checkpoint to /workspace/results/checkpoints/0.ckpt
[Model Analyzer] Profiling selfie_segmentation_config_2: client batch size=1, concurrency=2
[Model Analyzer] Saved checkpoint to /workspace/results/checkpoints/0.ckpt
[Model Analyzer] Profiling selfie_segmentation_config_2: client batch size=1, concurrency=4
[Model Analyzer] Saved checkpoint to /workspace/results/checkpoints/0.ckpt
[Model Analyzer] Profiling selfie_segmentation_config_2: client batch size=1, concurrency=8
[Model Analyzer] perf_analyzer's measurement window is too small, increased to 4000 ms.
[Model Analyzer] Saved checkpoint to /workspace/results/checkpoints/0.ckpt
[Model Analyzer] 
[Model Analyzer] Done with brute mode search.
[Model Analyzer] 
[Model Analyzer] Saved checkpoint to /workspace/results/checkpoints/0.ckpt
[Model Analyzer] Profile complete. Profiled 4 configurations for models: ['selfie_segmentation']
[Model Analyzer] 
[Model Analyzer] WARNING: GPU output field "gpu_used_memory", has no data
[Model Analyzer] WARNING: GPU output field "gpu_utilization", has no data
[Model Analyzer] WARNING: GPU output field "gpu_power_usage", has no data
[Model Analyzer] WARNING: Server output field "gpu_used_memory", has no data
[Model Analyzer] WARNING: Server output field "gpu_utilization", has no data
[Model Analyzer] WARNING: Server output field "gpu_power_usage", has no data
[Model Analyzer] Exporting inference metrics to /workspace/results/model_analyzer/results/metrics-model-inference.csv
[Model Analyzer] Exporting Summary Report to /workspace/results/model_analyzer/reports/summaries/selfie_segmentation/result_summary.pdf
[Model Analyzer] Exporting Summary Report to /workspace/results/model_analyzer/reports/summaries/Best Configs Across All Models/result_summary.pdf
[Model Analyzer] Generating detailed reports for the best configurations selfie_segmentation_config_2,selfie_segmentation_config_1,selfie_segmentation_config_0:
[Model Analyzer] Exporting Detailed Report to /workspace/results/model_analyzer/reports/detailed/selfie_segmentation_config_2/detailed_report.pdf
[Model Analyzer] Exporting Detailed Report to /workspace/results/model_analyzer/reports/detailed/selfie_segmentation_config_1/detailed_report.pdf
[Model Analyzer] Exporting Detailed Report to /workspace/results/model_analyzer/reports/detailed/selfie_segmentation_config_0/detailed_report.pdf
