Warning: '--strict-model-config' has been deprecated! Please use '--disable-auto-complete-config' instead.
W1009 17:49:02.743176 21 pinned_memory_manager.cc:271] Unable to allocate pinned system memory, pinned memory pool will not be available: CUDA driver version is insufficient for CUDA runtime version
I1009 17:49:02.744425 21 cuda_memory_manager.cc:117] CUDA memory pool disabled
E1009 17:49:02.744912 21 server.cc:243] CudaDriverHelper has not been initialized.
I1009 17:49:02.751684 21 server.cc:607] 
+------------------+------+
| Repository Agent | Path |
+------------------+------+
+------------------+------+

I1009 17:49:02.752094 21 server.cc:634] 
+---------+------+--------+
| Backend | Path | Config |
+---------+------+--------+
+---------+------+--------+

I1009 17:49:02.752535 21 server.cc:677] 
+-------+---------+--------+
| Model | Version | Status |
+-------+---------+--------+
+-------+---------+--------+

I1009 17:49:02.754107 21 metrics.cc:770] Collecting CPU metrics
I1009 17:49:02.755631 21 tritonserver.cc:2508] 
+----------------------------------+-----------------------------------------------------------------------------------------------------------------------------------------------------------------------------------------------------------------+
| Option                           | Value                                                                                                                                                                                                           |
+----------------------------------+-----------------------------------------------------------------------------------------------------------------------------------------------------------------------------------------------------------------+
| server_id                        | triton                                                                                                                                                                                                          |
| server_version                   | 2.43.0                                                                                                                                                                                                          |
| server_extensions                | classification sequence model_repository model_repository(unload_dependents) schedule_policy model_configuration system_shared_memory cuda_shared_memory binary_tensor_data parameters statistics trace logging |
| model_repository_path[0]         | /workspace/model_repository                                                                                                                                                                                     |
| model_control_mode               | MODE_EXPLICIT                                                                                                                                                                                                   |
| strict_model_config              | 0                                                                                                                                                                                                               |
| rate_limit                       | OFF                                                                                                                                                                                                             |
| pinned_memory_pool_byte_size     | 0                                                                                                                                                                                                               |
| min_supported_compute_capability | 6.0                                                                                                                                                                                                             |
| strict_readiness                 | 1                                                                                                                                                                                                               |
| exit_timeout                     | 30                                                                                                                                                                                                              |
| cache_enabled                    | 0                                                                                                                                                                                                               |
+----------------------------------+-----------------------------------------------------------------------------------------------------------------------------------------------------------------------------------------------------------------+

I1009 17:49:02.789504 21 grpc_server.cc:2519] Started GRPCInferenceService at 0.0.0.0:8001
I1009 17:49:02.794126 21 http_server.cc:4637] Started HTTPService at 0.0.0.0:8000
I1009 17:49:02.854555 21 http_server.cc:320] Started Metrics Service at 0.0.0.0:8002
Signal (15) received.
I1009 17:49:07.724563 21 server.cc:307] Waiting for in-flight requests to complete.
I1009 17:49:07.725343 21 server.cc:323] Timeout 30: Found 0 model versions that have in-flight inferences
I1009 17:49:07.725871 21 server.cc:338] All models are stopped, unloading models
I1009 17:49:07.726518 21 server.cc:347] Timeout 30: Found 0 live models and 0 in-flight non-inference requests
Warning: '--strict-model-config' has been deprecated! Please use '--disable-auto-complete-config' instead.
W1009 17:49:07.943572 62 pinned_memory_manager.cc:271] Unable to allocate pinned system memory, pinned memory pool will not be available: CUDA driver version is insufficient for CUDA runtime version
I1009 17:49:07.944870 62 cuda_memory_manager.cc:117] CUDA memory pool disabled
E1009 17:49:07.945308 62 server.cc:243] CudaDriverHelper has not been initialized.
I1009 17:49:07.952282 62 server.cc:607] 
+------------------+------+
| Repository Agent | Path |
+------------------+------+
+------------------+------+

I1009 17:49:07.952601 62 server.cc:634] 
+---------+------+--------+
| Backend | Path | Config |
+---------+------+--------+
+---------+------+--------+

I1009 17:49:07.952942 62 server.cc:677] 
+-------+---------+--------+
| Model | Version | Status |
+-------+---------+--------+
+-------+---------+--------+

I1009 17:49:07.954748 62 metrics.cc:770] Collecting CPU metrics
I1009 17:49:07.956452 62 tritonserver.cc:2508] 
+----------------------------------+-----------------------------------------------------------------------------------------------------------------------------------------------------------------------------------------------------------------+
| Option                           | Value                                                                                                                                                                                                           |
+----------------------------------+-----------------------------------------------------------------------------------------------------------------------------------------------------------------------------------------------------------------+
| server_id                        | triton                                                                                                                                                                                                          |
| server_version                   | 2.43.0                                                                                                                                                                                                          |
| server_extensions                | classification sequence model_repository model_repository(unload_dependents) schedule_policy model_configuration system_shared_memory cuda_shared_memory binary_tensor_data parameters statistics trace logging |
| model_repository_path[0]         | /workspace/model_repository                                                                                                                                                                                     |
| model_control_mode               | MODE_EXPLICIT                                                                                                                                                                                                   |
| strict_model_config              | 0                                                                                                                                                                                                               |
| rate_limit                       | OFF                                                                                                                                                                                                             |
| pinned_memory_pool_byte_size     | 0                                                                                                                                                                                                               |
| min_supported_compute_capability | 6.0                                                                                                                                                                                                             |
| strict_readiness                 | 1                                                                                                                                                                                                               |
| exit_timeout                     | 30                                                                                                                                                                                                              |
| cache_enabled                    | 0                                                                                                                                                                                                               |
+----------------------------------+-----------------------------------------------------------------------------------------------------------------------------------------------------------------------------------------------------------------+

I1009 17:49:07.992564 62 grpc_server.cc:2519] Started GRPCInferenceService at 0.0.0.0:8001
I1009 17:49:07.997213 62 http_server.cc:4637] Started HTTPService at 0.0.0.0:8000
I1009 17:49:08.053987 62 http_server.cc:320] Started Metrics Service at 0.0.0.0:8002
I1009 17:49:09.934378 62 model_lifecycle.cc:469] loading: selfie_segmentation:1
I1009 17:49:12.552593 62 python_be.cc:2381] TRITONBACKEND_ModelInstanceInitialize: selfie_segmentation_0_0 (CPU device 0)
WARNING: All log messages before absl::InitializeLog() is called are written to STDERR
I0000 00:00:1791568153.858168     129 task_runner.cc:85] GPU suport is not available: INTERNAL: ; RET_CHECK failure (mediapipe/gpu/gl_context_egl.cc:84) egl_initializedUnable to initialize EGL
INFO: Created TensorFlow Lite XNNPACK delegate for CPU.
W0000 00:00:1791568153.944807     161 inference_feedback_manager.cc:114] Feedback manager requires a model with a single signature inference. Disabling support for feedback tensors.
/usr/local/lib/python3.10/dist-packages/mediapipe/tasks/python/vision/image_segmenter.py:158: UserWarning: MessageFactory class is deprecated. Please use GetMessageClass() instead of MessageFactory.GetPrototype. MessageFactory class will be removed after 2024.
  graph_config = self._runner.get_graph_config()
I1009 17:49:13.967780 62 model_lifecycle.cc:835] successfully loaded 'selfie_segmentation'
Signal (15) received.
I1009 17:50:21.334153 62 server.cc:307] Waiting for in-flight requests to complete.
I1009 17:50:21.334550 62 server.cc:323] Timeout 30: Found 0 model versions that have in-flight inferences
I1009 17:50:21.336384 62 server.cc:338] All models are stopped, unloading models
I1009 17:50:21.336927 62 server.cc:347] Timeout 30: Found 1 live models and 0 in-flight non-inference requests
I1009 17:50:22.337364 62 server.cc:347] Timeout 29: Found 1 live models and 0 in-flight non-inference requests
I1009 17:50:22.748999 62 model_lifecycle.cc:620] successfully unloaded 'selfie_segmentation' version 1
I1009 17:50:23.342989 62 server.cc:347] Timeout 28: Found 0 live models and 0 in-flight non-inference requests
Warning: '--strict-model-config' has been deprecated! Please use '--disable-auto-complete-config' instead.
W1009 17:50:23.921941 344 pinned_memory_manager.cc:271] Unable to allocate pinned system memory, pinned memory pool will not be available: CUDA driver version is insufficient for CUDA runtime version
I1009 17:50:23.923369 344 cuda_memory_manager.cc:117] CUDA memory pool disabled
E1009 17:50:23.923822 344 server.cc:243] CudaDriverHelper has not been initialized.
I1009 17:50:23.930615 344 server.cc:607] 
+------------------+------+
| Repository Agent | Path |
+------------------+------+
+------------------+------+

I1009 17:50:23.930928 344 server.cc:634] 
+---------+------+--------+
| Backend | Path | Config |
+---------+------+--------+
+---------+------+--------+

I1009 17:50:23.931309 344 server.cc:677] 
+-------+---------+--------+
| Model | Version | Status |
+-------+---------+--------+
+-------+---------+--------+

I1009 17:50:23.932852 344 metrics.cc:770] Collecting CPU metrics
I1009 17:50:23.934697 344 tritonserver.cc:2508] 
+----------------------------------+-----------------------------------------------------------------------------------------------------------------------------------------------------------------------------------------------------------------+
| Option                           | Value                                                                                                                                                                                                           |
+----------------------------------+-----------------------------------------------------------------------------------------------------------------------------------------------------------------------------------------------------------------+
| server_id                        | triton                                                                                                                                                                                                          |
| server_version                   | 2.43.0                                                                                                                                                                                                          |
| server_extensions                | classification sequence model_repository model_repository(unload_dependents) schedule_policy model_configuration system_shared_memory cuda_shared_memory binary_tensor_data parameters statistics trace logging |
| model_repository_path[0]         | /workspace/model_repository                                                                                                                                                                                     |
| model_control_mode               | MODE_EXPLICIT                                                                                                                                                                                                   |
| strict_model_config              | 0                                                                                                                                                                                                               |
| rate_limit                       | OFF                                                                                                                                                                                                             |
| pinned_memory_pool_byte_size     | 0                                                                                                                                                                                                               |
| min_supported_compute_capability | 6.0                                                                                                                                                                                                             |
| strict_readiness                 | 1                                                                                                                                                                                                               |
| exit_timeout                     | 30                                                                                                                                                                                                              |
| cache_enabled                    | 0                                                                                                                                                                                                               |
+----------------------------------+-----------------------------------------------------------------------------------------------------------------------------------------------------------------------------------------------------------------+

I1009 17:50:23.970439 344 grpc_server.cc:2519] Started GRPCInferenceService at 0.0.0.0:8001
I1009 17:50:23.975401 344 http_server.cc:4637] Started HTTPService at 0.0.0.0:8000
I1009 17:50:24.030943 344 http_server.cc:320] Started Metrics Service at 0.0.0.0:8002
I1009 17:50:25.899456 344 model_lifecycle.cc:469] loading: selfie_segmentation:1
I1009 17:50:28.467872 344 python_be.cc:2381] TRITONBACKEND_ModelInstanceInitialize: selfie_segmentation_0_0 (CPU device 0)
WARNING: All log messages before absl::InitializeLog() is called are written to STDERR
I0000 00:00:1791568229.807530     425 task_runner.cc:85] GPU suport is not available: INTERNAL: ; RET_CHECK failure (mediapipe/gpu/gl_context_egl.cc:84) egl_initializedUnable to initialize EGL
INFO: Created TensorFlow Lite XNNPACK delegate for CPU.
W0000 00:00:1791568229.896020     451 inference_feedback_manager.cc:114] Feedback manager requires a model with a single signature inference. Disabling support for feedback tensors.
/usr/local/lib/python3.10/dist-packages/mediapipe/tasks/python/vision/image_segmenter.py:158: UserWarning: MessageFactory class is deprecated. Please use GetMessageClass() instead of MessageFactory.GetPrototype. MessageFactory class will be removed after 2024.
  graph_config = self._runner.get_graph_config()
I1009 17:50:29.918797 344 model_lifecycle.cc:835] successfully loaded 'selfie_segmentation'
Signal (15) received.
I1009 17:51:14.136770 344 server.cc:307] Waiting for in-flight requests to complete.
I1009 17:51:14.137173 344 server.cc:323] Timeout 30: Found 0 model versions that have in-flight inferences
I1009 17:51:14.138853 344 server.cc:338] All models are stopped, unloading models
I1009 17:51:14.139378 344 server.cc:347] Timeout 30: Found 1 live models and 0 in-flight non-inference requests
I1009 17:51:15.143542 344 server.cc:347] Timeout 29: Found 1 live models and 0 in-flight non-inference requests
I1009 17:51:15.354151 344 model_lifecycle.cc:620] successfully unloaded 'selfie_segmentation' version 1
I1009 17:51:16.148580 344 server.cc:347] Timeout 28: Found 0 live models and 0 in-flight non-inference requests
Warning: '--strict-model-config' has been deprecated! Please use '--disable-auto-complete-config' instead.
W1009 17:51:16.740416 601 pinned_memory_manager.cc:271] Unable to allocate pinned system memory, pinned memory pool will not be available: CUDA driver version is insufficient for CUDA runtime version
I1009 17:51:16.741888 601 cuda_memory_manager.cc:117] CUDA memory pool disabled
E1009 17:51:16.742374 601 server.cc:243] CudaDriverHelper has not been initialized.
I1009 17:51:16.749801 601 server.cc:607] 
+------------------+------+
| Repository Agent | Path |
+------------------+------+
+------------------+------+

I1009 17:51:16.750251 601 server.cc:634] 
+---------+------+--------+
| Backend | Path | Config |
+---------+------+--------+
+---------+------+--------+

I1009 17:51:16.750646 601 server.cc:677] 
+-------+---------+--------+
| Model | Version | Status |
+-------+---------+--------+
+-------+---------+--------+

I1009 17:51:16.752409 601 metrics.cc:770] Collecting CPU metrics
I1009 17:51:16.754096 601 tritonserver.cc:2508] 
+----------------------------------+-----------------------------------------------------------------------------------------------------------------------------------------------------------------------------------------------------------------+
| Option                           | Value                                                                                                                                                                                                           |
+----------------------------------+-----------------------------------------------------------------------------------------------------------------------------------------------------------------------------------------------------------------+
| server_id                        | triton                                                                                                                                                                                                          |
| server_version                   | 2.43.0                                                                                                                                                                                                          |
| server_extensions                | classification sequence model_repository model_repository(unload_dependents) schedule_policy model_configuration system_shared_memory cuda_shared_memory binary_tensor_data parameters statistics trace logging |
| model_repository_path[0]         | /workspace/model_repository                                                                                                                                                                                     |
| model_control_mode               | MODE_EXPLICIT                                                                                                                                                                                                   |
| strict_model_config              | 0                                                                                                                                                                                                               |
| rate_limit                       | OFF                                                                                                                                                                                                             |
| pinned_memory_pool_byte_size     | 0                                                                                                                                                                                                               |
| min_supported_compute_capability | 6.0                                                                                                                                                                                                             |
| strict_readiness                 | 1                                                                                                                                                                                                               |
| exit_timeout                     | 30                                                                                                                                                                                                              |
| cache_enabled                    | 0                                                                                                                                                                                                               |
+----------------------------------+-----------------------------------------------------------------------------------------------------------------------------------------------------------------------------------------------------------------+

I1009 17:51:16.795832 601 grpc_server.cc:2519] Started GRPCInferenceService at 0.0.0.0:8001
I1009 17:51:16.800935 601 http_server.cc:4637] Started HTTPService at 0.0.0.0:8000
I1009 17:51:16.853559 601 http_server.cc:320] Started Metrics Service at 0.0.0.0:8002
I1009 17:51:18.720523 601 model_lifecycle.cc:469] loading: selfie_segmentation:1
I1009 17:51:21.251128 601 python_be.cc:2381] TRITONBACKEND_ModelInstanceInitialize: selfie_segmentation_0_0 (CPU device 0)
I1009 17:51:21.251133 601 python_be.cc:2381] TRITONBACKEND_ModelInstanceInitialize: selfie_segmentation_0_1 (CPU device 0)
WARNING: All log messages before absl::InitializeLog() is called are written to STDERR
I0000 00:00:1791568282.621534     694 task_runner.cc:85] GPU suport is not available: INTERNAL: ; RET_CHECK failure (mediapipe/gpu/gl_context_egl.cc:84) egl_initializedUnable to initialize EGL
WARNING: All log messages before absl::InitializeLog() is called are written to STDERR
I0000 00:00:1791568282.621949     693 task_runner.cc:85] GPU suport is not available: INTERNAL: ; RET_CHECK failure (mediapipe/gpu/gl_context_egl.cc:84) egl_initializedUnable to initialize EGL
INFO: INFO: Created TensorFlow Lite XNNPACK delegate for CPU.Created TensorFlow Lite XNNPACK delegate for CPU.

W0000 00:00:1791568282.712171     753 inference_feedback_manager.cc:114] Feedback manager requires a model with a single signature inference. Disabling support for feedback tensors.
W0000 00:00:1791568282.714345     750 inference_feedback_manager.cc:114] Feedback manager requires a model with a single signature inference. Disabling support for feedback tensors.
/usr/local/lib/python3.10/dist-packages/mediapipe/tasks/python/vision/image_segmenter.py:158: UserWarning: MessageFactory class is deprecated. Please use GetMessageClass() instead of MessageFactory.GetPrototype. MessageFactory class will be removed after 2024.
  graph_config = self._runner.get_graph_config()
/usr/local/lib/python3.10/dist-packages/mediapipe/tasks/python/vision/image_segmenter.py:158: UserWarning: MessageFactory class is deprecated. Please use GetMessageClass() instead of MessageFactory.GetPrototype. MessageFactory class will be removed after 2024.
  graph_config = self._runner.get_graph_config()
I1009 17:51:22.740401 601 model_lifecycle.cc:835] successfully loaded 'selfie_segmentation'
Signal (15) received.
I1009 17:52:06.971280 601 server.cc:307] Waiting for in-flight requests to complete.
I1009 17:52:06.971693 601 server.cc:323] Timeout 30: Found 0 model versions that have in-flight inferences
I1009 17:52:06.973469 601 server.cc:338] All models are stopped, unloading models
I1009 17:52:06.974058 601 server.cc:347] Timeout 30: Found 1 live models and 0 in-flight non-inference requests
I1009 17:52:07.974917 601 server.cc:347] Timeout 29: Found 1 live models and 0 in-flight non-inference requests
I1009 17:52:08.980964 601 server.cc:347] Timeout 28: Found 1 live models and 0 in-flight non-inference requests
I1009 17:52:09.612012 601 model_lifecycle.cc:620] successfully unloaded 'selfie_segmentation' version 1
I1009 17:52:09.983340 601 server.cc:347] Timeout 27: Found 0 live models and 0 in-flight non-inference requests
Warning: '--strict-model-config' has been deprecated! Please use '--disable-auto-complete-config' instead.
W1009 17:52:10.604422 950 pinned_memory_manager.cc:271] Unable to allocate pinned system memory, pinned memory pool will not be available: CUDA driver version is insufficient for CUDA runtime version
I1009 17:52:10.605798 950 cuda_memory_manager.cc:117] CUDA memory pool disabled
E1009 17:52:10.606244 950 server.cc:243] CudaDriverHelper has not been initialized.
I1009 17:52:10.613599 950 server.cc:607] 
+------------------+------+
| Repository Agent | Path |
+------------------+------+
+------------------+------+

I1009 17:52:10.614052 950 server.cc:634] 
+---------+------+--------+
| Backend | Path | Config |
+---------+------+--------+
+---------+------+--------+

I1009 17:52:10.614413 950 server.cc:677] 
+-------+---------+--------+
| Model | Version | Status |
+-------+---------+--------+
+-------+---------+--------+

I1009 17:52:10.616070 950 metrics.cc:770] Collecting CPU metrics
I1009 17:52:10.617709 950 tritonserver.cc:2508] 
+----------------------------------+-----------------------------------------------------------------------------------------------------------------------------------------------------------------------------------------------------------------+
| Option                           | Value                                                                                                                                                                                                           |
+----------------------------------+-----------------------------------------------------------------------------------------------------------------------------------------------------------------------------------------------------------------+
| server_id                        | triton                                                                                                                                                                                                          |
| server_version                   | 2.43.0                                                                                                                                                                                                          |
| server_extensions                | classification sequence model_repository model_repository(unload_dependents) schedule_policy model_configuration system_shared_memory cuda_shared_memory binary_tensor_data parameters statistics trace logging |
| model_repository_path[0]         | /workspace/model_repository                                                                                                                                                                                     |
| model_control_mode               | MODE_EXPLICIT                                                                                                                                                                                                   |
| strict_model_config              | 0                                                                                                                                                                                                               |
| rate_limit                       | OFF                                                                                                                                                                                                             |
| pinned_memory_pool_byte_size     | 0                                                                                                                                                                                                               |
| min_supported_compute_capability | 6.0                                                                                                                                                                                                             |
| strict_readiness                 | 1                                                                                                                                                                                                               |
| exit_timeout                     | 30                                                                                                                                                                                                              |
| cache_enabled                    | 0                                                                                                                                                                                                               |
+----------------------------------+-----------------------------------------------------------------------------------------------------------------------------------------------------------------------------------------------------------------+

I1009 17:52:10.653530 950 grpc_server.cc:2519] Started GRPCInferenceService at 0.0.0.0:8001
I1009 17:52:10.658781 950 http_server.cc:4637] Started HTTPService at 0.0.0.0:8000
I1009 17:52:10.712440 950 http_server.cc:320] Started Metrics Service at 0.0.0.0:8002
I1009 17:52:12.599937 950 model_lifecycle.cc:469] loading: selfie_segmentation:1
I1009 17:52:15.187172 950 python_be.cc:2381] TRITONBACKEND_ModelInstanceInitialize: selfie_segmentation_0_0 (CPU device 0)
I1009 17:52:15.187195 950 python_be.cc:2381] TRITONBACKEND_ModelInstanceInitialize: selfie_segmentation_0_3 (CPU device 0)
I1009 17:52:15.187215 950 python_be.cc:2381] TRITONBACKEND_ModelInstanceInitialize: selfie_segmentation_0_1 (CPU device 0)
I1009 17:52:15.187172 950 python_be.cc:2381] TRITONBACKEND_ModelInstanceInitialize: selfie_segmentation_0_2 (CPU device 0)
WARNING: All log messages before absl::InitializeLog() is called are written to STDERR
WARNING: All log messages before absl::InitializeLog() is called are written to STDERR
WARNING: All log messages before absl::InitializeLog() is called are written to STDERR
WARNING: All log messages before absl::InitializeLog() is called are written to STDERR
I0000 00:00:1791568336.622025    1051 task_runner.cc:85] GPU suport is not available: INTERNAL: ; RET_CHECK failure (mediapipe/gpu/gl_context_egl.cc:84) egl_initializedUnable to initialize EGL
I0000 00:00:1791568336.622025    1053 task_runner.cc:85] GPU suport is not available: INTERNAL: ; RET_CHECK failure (mediapipe/gpu/gl_context_egl.cc:84) egl_initializedUnable to initialize EGL
I0000 00:00:1791568336.622013    1052 task_runner.cc:85] GPU suport is not available: INTERNAL: ; RET_CHECK failure (mediapipe/gpu/gl_context_egl.cc:84) egl_initializedUnable to initialize EGL
I0000 00:00:1791568336.622081    1054 task_runner.cc:85] GPU suport is not available: INTERNAL: ; RET_CHECK failure (mediapipe/gpu/gl_context_egl.cc:84) egl_initializedUnable to initialize EGL
INFO: INFO: Created TensorFlow Lite XNNPACK delegate for CPU.Created TensorFlow Lite XNNPACK delegate for CPU.

INFO: INFO: Created TensorFlow Lite XNNPACK delegate for CPU.Created TensorFlow Lite XNNPACK delegate for CPU.

W0000 00:00:1791568336.716432    1190 inference_feedback_manager.cc:114] Feedback manager requires a model with a single signature inference. Disabling support for feedback tensors.
W0000 00:00:1791568336.716765    1181 inference_feedback_manager.cc:114] Feedback manager requires a model with a single signature inference. Disabling support for feedback tensors.
W0000 00:00:1791568336.716981    1175 inference_feedback_manager.cc:114] Feedback manager requires a model with a single signature inference. Disabling support for feedback tensors.
W0000 00:00:1791568336.717771    1174 inference_feedback_manager.cc:114] Feedback manager requires a model with a single signature inference. Disabling support for feedback tensors.
/usr/local/lib/python3.10/dist-packages/mediapipe/tasks/python/vision/image_segmenter.py:158: UserWarning: MessageFactory class is deprecated. Please use GetMessageClass() instead of MessageFactory.GetPrototype. MessageFactory class will be removed after 2024.
  graph_config = self._runner.get_graph_config()
/usr/local/lib/python3.10/dist-packages/mediapipe/tasks/python/vision/image_segmenter.py:158: UserWarning: MessageFactory class is deprecated. Please use GetMessageClass() instead of MessageFactory.GetPrototype. MessageFactory class will be removed after 2024.
  graph_config = self._runner.get_graph_config()
/usr/local/lib/python3.10/dist-packages/mediapipe/tasks/python/vision/image_segmenter.py:158: UserWarning: MessageFactory class is deprecated. Please use GetMessageClass() instead of MessageFactory.GetPrototype. MessageFactory class will be removed after 2024.
  graph_config = self._runner.get_graph_config()
/usr/local/lib/python3.10/dist-packages/mediapipe/tasks/python/vision/image_segmenter.py:158: UserWarning: MessageFactory class is deprecated. Please use GetMessageClass() instead of MessageFactory.GetPrototype. MessageFactory class will be removed after 2024.
  graph_config = self._runner.get_graph_config()
I1009 17:52:16.767683 950 model_lifecycle.cc:835] successfully loaded 'selfie_segmentation'
Signal (15) received.
I1009 17:54:11.567210 950 server.cc:307] Waiting for in-flight requests to complete.
I1009 17:54:11.569088 950 server.cc:323] Timeout 30: Found 0 model versions that have in-flight inferences
I1009 17:54:11.572589 950 server.cc:338] All models are stopped, unloading models
I1009 17:54:11.572949 950 server.cc:347] Timeout 30: Found 1 live models and 0 in-flight non-inference requests
I1009 17:54:12.579119 950 server.cc:347] Timeout 29: Found 1 live models and 0 in-flight non-inference requests
I1009 17:54:13.586173 950 server.cc:347] Timeout 28: Found 1 live models and 0 in-flight non-inference requests
I1009 17:54:14.588370 950 server.cc:347] Timeout 27: Found 1 live models and 0 in-flight non-inference requests
I1009 17:54:15.594828 950 server.cc:347] Timeout 26: Found 1 live models and 0 in-flight non-inference requests
